// Jest Snapshot v1, https://goo.gl/fbAQLP

exports[`Home renders isSuccess 1`] = `
<View
  style={
    {
      "backgroundColor": "rgb(39, 43, 51)",
      "flex": 1,
    }
  }
>
  <View
    style={
      [
        {
          "alignItems": "center",
          "backgroundColor": "white",
          "height": 160,
          "justifyContent": "center",
          "width": "100%",
        },
        {
          "paddingTop": 20,
        },
      ]
    }
  >
    <Text
      style={
        {
          "color": "black",
          "fontSize": 24,
          "fontWeight": "bold",
        }
      }
    >
      The Rick and Morty API
    </Text>
  </View>
  <RCTScrollView
    ListFooterComponent={[Function]}
    data={
      [
        {
          "id": 1,
          "image": "https://rickandmortyapi.com/api/character/avatar/400.jpeg",
          "name": "Testing Name",
          "status": "Alive",
        },
      ]
    }
    getItem={[Function]}
    getItemCount={[Function]}
    keyExtractor={[Function]}
    onContentSizeChange={[Function]}
    onEndReached={[Function]}
    onEndReachedThreshold={0.3}
    onLayout={[Function]}
    onMomentumScrollBegin={[Function]}
    onMomentumScrollEnd={[Function]}
    onScroll={[Function]}
    onScrollBeginDrag={[Function]}
    onScrollEndDrag={[Function]}
    removeClippedSubviews={false}
    renderItem={[Function]}
    scrollEventThrottle={0.0001}
    stickyHeaderIndices={[]}
    viewabilityConfigCallbackPairs={[]}
  >
    <View>
      <View
        onFocusCapture={[Function]}
        onLayout={[Function]}
        style={null}
      >
        <View
          accessibilityState={
            {
              "busy": undefined,
              "checked": undefined,
              "disabled": undefined,
              "expanded": undefined,
              "selected": undefined,
            }
          }
          accessibilityValue={
            {
              "max": undefined,
              "min": undefined,
              "now": undefined,
              "text": undefined,
            }
          }
          accessible={true}
          collapsable={false}
          focusable={true}
          onClick={[Function]}
          onResponderGrant={[Function]}
          onResponderMove={[Function]}
          onResponderRelease={[Function]}
          onResponderTerminate={[Function]}
          onResponderTerminationRequest={[Function]}
          onStartShouldSetResponder={[Function]}
          style={
            {
              "opacity": 1,
              "paddingHorizontal": 24,
              "paddingVertical": 8,
            }
          }
          testID="character-card-wrapper"
        >
          <View
            style={
              {
                "alignItems": "center",
                "backgroundColor": "rgb(60, 62, 68)",
                "borderRadius": 8,
                "flexDirection": "row",
                "minHeight": 80,
                "width": "100%",
              }
            }
          >
            <Image
              resizeMode="contain"
              source={
                {
                  "uri": "https://rickandmortyapi.com/api/character/avatar/400.jpeg",
                }
              }
              style={
                {
                  "borderBottomLeftRadius": 8,
                  "borderTopLeftRadius": 8,
                  "height": 80,
                  "width": 80,
                }
              }
            />
            <View
              style={
                {
                  "flex": 1,
                  "padding": 8,
                }
              }
            >
              <Text
                style={
                  {
                    "color": "white",
                    "flex": 1,
                    "fontSize": 16,
                    "fontWeight": "bold",
                  }
                }
              >
                Testing Name
              </Text>
              <Text
                style={
                  {
                    "color": "white",
                    "fontSize": 12,
                  }
                }
              >
                Status: 
                <Text
                  style={
                    {
                      "color": "green",
                    }
                  }
                >
                  Alive
                </Text>
              </Text>
            </View>
          </View>
        </View>
      </View>
      <View
        onLayout={[Function]}
      />
    </View>
  </RCTScrollView>
</View>
`;
